%!Adobe-FontList 1.23
%Locale:0x409

%BeginFont
Handler:DirectoryHandler
FontType:Type1
FontName:AcuminVariableConcept
FamilyName:Acumin Variable Concept
StyleName:Default
FullName:Acumin Variable Concept Default
MenuName:Acumin Variable Concept
FamilyPrefix:AcuminConcept
StyleBits:0
WritingScript:Roman
OutlineFileName:C:\Users\SWStudent\me\Multimedia\2_27me Folder\Document fonts\AcuminVariableConcept.otf
DataFormat:sfntData
UsesStandardEncoding:yes
isCFF:yes
hasSVG:no
VariableFontType:CFF2VariableFont
FileLength:1029036
FileModTime:1772191938
WeightClass:275
WidthClass:5
AngleClass:0
NameArray:0,Win,1,Acumin Variable Concept
%EndFont

%BeginFont
Handler:DirectoryHandler
FontType:TrueType
FontName:ArialMT
FamilyName:Arial
StyleName:Regular
FullName:Arial
MenuName:Arial
StyleBits:0
WritingScript:Roman
OutlineFileName:C:\Users\SWStudent\me\Multimedia\2_27me Folder\Document fonts\arial.ttf
DataFormat:sfntData
hasSVG:no
VariableFontType:NonVariableFont
FileLength:1047208
FileModTime:1711956128
WeightClass:400
WidthClass:5
AngleClass:0
NameArray:0,Mac,4,Arial
NameArray:0,Win,1,Arial
%EndFont

%BeginFont
Handler:DirectoryHandler
FontType:TrueType
FontName:ComicSansMS
FamilyName:Comic Sans MS
StyleName:Regular
FullName:Comic Sans MS
MenuName:Comic Sans MS
StyleBits:0
WritingScript:Roman
OutlineFileName:C:\Users\SWStudent\me\Multimedia\2_27me Folder\Document fonts\comic.ttf
DataFormat:sfntData
hasSVG:no
VariableFontType:NonVariableFont
FileLength:272612
FileModTime:1711956128
WeightClass:400
WidthClass:5
AngleClass:0
NameArray:0,Mac,4,Comic Sans MS
NameArray:0,Win,1,Comic Sans MS
%EndFont

%BeginFont
Handler:DirectoryHandler
FontType:TrueType
FontName:ComicSansMS-Italic
FamilyName:Comic Sans MS
StyleName:Italic
FullName:Comic Sans MS Italic
MenuName:Comic Sans MS
StyleBits:1
WritingScript:Roman
OutlineFileName:C:\Users\SWStudent\me\Multimedia\2_27me Folder\Document fonts\comici.ttf
DataFormat:sfntData
hasSVG:no
VariableFontType:NonVariableFont
FileLength:255796
FileModTime:1711956160
WeightClass:400
WidthClass:5
AngleClass:1
NameArray:0,Mac,4,Comic Sans MS Italic
NameArray:0,Win,1,Comic Sans MS
%EndFont

%BeginFont
Handler:DirectoryHandler
FontType:TrueType
FontName:Georgia
FamilyName:Georgia
StyleName:Regular
FullName:Georgia
MenuName:Georgia
StyleBits:0
WritingScript:Roman
OutlineFileName:C:\Users\SWStudent\me\Multimedia\2_27me Folder\Document fonts\georgia.ttf
DataFormat:sfntData
hasSVG:no
VariableFontType:NonVariableFont
FileLength:219712
FileModTime:1711956128
WeightClass:400
WidthClass:5
AngleClass:0
NameArray:0,Mac,4,Georgia
NameArray:0,Win,1,Georgia
%EndFont

%BeginFont
Handler:DirectoryHandler
FontType:TrueType
FontName:Georgia-Bold
FamilyName:Georgia
StyleName:Bold
FullName:Georgia Bold
MenuName:Georgia
StyleBits:2
WritingScript:Roman
OutlineFileName:C:\Users\SWStudent\me\Multimedia\2_27me Folder\Document fonts\georgiab.ttf
DataFormat:sfntData
hasSVG:no
VariableFontType:NonVariableFont
FileLength:207476
FileModTime:1711956160
WeightClass:700
WidthClass:5
AngleClass:0
NameArray:0,Mac,4,Georgia Bold
NameArray:0,Win,1,Georgia
%EndFont

