%!Adobe-FontList 1.23
%Locale:0x409

%BeginFont
Handler:DirectoryHandler
FontType:TrueType
FontName:Bauhaus93
FamilyName:Bauhaus 93
StyleName:Regular
FullName:Bauhaus 93
MenuName:Bauhaus 93
StyleBits:0
WritingScript:Roman
OutlineFileName:C:\Users\SWStudent\me\Multimedia\3_4 Folder\Document fonts\BAUHS93.TTF
DataFormat:sfntData
hasSVG:no
VariableFontType:NonVariableFont
FileLength:47644
FileModTime:1747765219
WeightClass:400
WidthClass:5
AngleClass:0
NameArray:0,Mac,4,Bauhaus 93
NameArray:0,Win,1,Bauhaus 93
%EndFont

%BeginFont
Handler:DirectoryHandler
FontType:TrueType
FontName:BradleyHandITC
FamilyName:Bradley Hand ITC
StyleName:Regular
FullName:Bradley Hand ITC
MenuName:Bradley Hand ITC
StyleBits:0
WritingScript:Roman
OutlineFileName:C:\Users\SWStudent\me\Multimedia\3_4 Folder\Document fonts\BRADHITC.TTF
DataFormat:sfntData
hasSVG:no
VariableFontType:NonVariableFont
FileLength:105296
FileModTime:1747765222
WeightClass:400
WidthClass:5
AngleClass:0
NameArray:0,Mac,4,Bradley Hand ITC
NameArray:0,Win,1,Bradley Hand ITC
%EndFont

%BeginFont
Handler:DirectoryHandler
FontType:TrueType
FontName:CalistoMT
FamilyName:Calisto MT
StyleName:Regular
FullName:Calisto MT
MenuName:Calisto MT
StyleBits:0
WritingScript:Roman
OutlineFileName:C:\Users\SWStudent\me\Multimedia\3_4 Folder\Document fonts\CALIST.TTF
DataFormat:sfntData
hasSVG:no
VariableFontType:NonVariableFont
FileLength:80148
FileModTime:1747765222
WeightClass:400
WidthClass:5
AngleClass:0
NameArray:0,Mac,4,Calisto MT
NameArray:0,Win,1,Calisto MT
%EndFont

%BeginFont
Handler:DirectoryHandler
FontType:TrueType
FontName:CalisMTBol
FamilyName:Calisto MT
StyleName:Bold
FullName:Calisto MT Bold
MenuName:Calisto MT
StyleBits:2
WritingScript:Roman
OutlineFileName:C:\Users\SWStudent\me\Multimedia\3_4 Folder\Document fonts\CALISTB.TTF
DataFormat:sfntData
hasSVG:no
VariableFontType:NonVariableFont
FileLength:85080
FileModTime:1747765222
WeightClass:700
WidthClass:5
AngleClass:0
NameArray:0,Mac,4,Calisto MT Bold
NameArray:0,Win,1,Calisto MT
%EndFont

%BeginFont
Handler:DirectoryHandler
FontType:TrueType
FontName:BlackadderITC-Regular
FamilyName:Blackadder ITC
StyleName:Regular
FullName:Blackadder ITC
MenuName:Blackadder ITC
StyleBits:0
WritingScript:Roman
OutlineFileName:C:\Users\SWStudent\me\Multimedia\3_4 Folder\Document fonts\ITCBLKAD.TTF
DataFormat:sfntData
hasSVG:no
VariableFontType:NonVariableFont
FileLength:132372
FileModTime:1747765222
WeightClass:400
WidthClass:5
AngleClass:0
NameArray:0,Mac,4,Blackadder ITC
NameArray:0,Win,1,Blackadder ITC
%EndFont

%BeginFont
Handler:DirectoryHandler
FontType:Type1
FontName:MinionPro-Regular
FamilyName:Minion Pro
StyleName:Regular
FullName:Minion Pro
MenuName:Minion Pro
StyleBits:0
WritingScript:Roman
OutlineFileName:C:\Users\SWStudent\me\Multimedia\3_4 Folder\Document fonts\MinionPro-Regular.otf
DataFormat:sfntData
UsesStandardEncoding:yes
isCFF:yes
hasSVG:no
VariableFontType:NonVariableFont
FileLength:218640
FileModTime:1769580144
WeightClass:400
WidthClass:5
AngleClass:0
DesignSize:110
NameArray:0,Mac,4,Minion Pro
NameArray:0,Win,1,Minion Pro
%EndFont

%BeginFont
Handler:DirectoryHandler
FontType:TrueType
FontName:ComicSansMS
FamilyName:Comic Sans MS
StyleName:Regular
FullName:Comic Sans MS
MenuName:Comic Sans MS
StyleBits:0
WritingScript:Roman
OutlineFileName:C:\Users\SWStudent\me\Multimedia\3_4 Folder\Document fonts\comic.ttf
DataFormat:sfntData
hasSVG:no
VariableFontType:NonVariableFont
FileLength:245600
FileModTime:1651900758
WeightClass:400
WidthClass:5
AngleClass:0
NameArray:0,Mac,4,Comic Sans MS
NameArray:0,Win,1,Comic Sans MS
%EndFont

